#nx      aerr                    rerr

16      0.030407132431031204 0.028593243539149316
32      0.009436036898493148 0.008873145207086383
64      0.0026210584763293045 0.002464703425424348
128     0.0006839415653606361 0.0006431421253450507
256     0.00017208196233891053 0.00016181668815076357
512     4.253414380483437e-05 3.999683749723828e-05